#
# A fatal error has been detected by the Java Runtime Environment:
#
#  EXCEPTION_ACCESS_VIOLATION (0xc0000005) at pc=0x00000226447aae53, pid=8680, tid=23744
#
# JRE version: Java(TM) SE Runtime Environment (21.0.2+13) (build 21.0.2+13-LTS-58)
# Java VM: Java HotSpot(TM) 64-Bit Server VM (21.0.2+13-LTS-58, mixed mode, emulated-client, sharing, tiered, compressed oops, compressed class ptrs, g1 gc, windows-amd64)
# Problematic frame:
# v  ~BufferBlob::MethodHandles adapters 0x00000226447aae53
#
# No core dump will be written. Minidumps are not enabled by default on client versions of Windows
#
# If you would like to submit a bug report, please visit:
#   https://bugreport.java.com/bugreport/crash.jsp
#

---------------  S U M M A R Y ------------

Command Line: -XX:+ShowCodeDetailsInExceptionMessages -agentlib:jdwp=transport=dt_socket,suspend=y,address=localhost:64069 -Dcom.sun.management.jmxremote -Dcom.sun.management.jmxremote.port=64068 -Dcom.sun.management.jmxremote.authenticate=false -Dcom.sun.management.jmxremote.ssl=false -Djava.rmi.server.hostname=localhost -Dspring.jmx.enabled=true -Dmanagement.endpoints.jmx.exposure.include=* -Dspring.application.admin.enabled=true -Dspring.output.ansi.enabled=always -XX:TieredStopAtLevel=1 -Dspring.boot.project.name=GoldenChemicals -javaagent:C:\Users\Tamilmani.R\eclipse\jee-2025-06\eclipse\configuration\org.eclipse.osgi\442\0\.cp\lib\javaagent-shaded.jar -Dfile.encoding=UTF-8 -Dstdout.encoding=UTF-8 -Dstderr.encoding=UTF-8 com.gld.GoldenChemicalsApplication

Host: 11th Gen Intel(R) Core(TM) i3-1115G4 @ 3.00GHz, 4 cores, 15G,  Windows 11 , 64 bit Build 26100 (10.0.26100.5074)
Time: Thu Oct 16 16:18:28 2025 India Standard Time elapsed time: 2574.461238 seconds (0d 0h 42m 54s)

---------------  T H R E A D  ---------------

Current thread (0x00000226959470b0):  JavaThread "restartedMain"        [_thread_in_Java, id=23744, stack(0x000000f4bde00000,0x000000f4bdf00000) (1024K)]

Stack: [0x000000f4bde00000,0x000000f4bdf00000],  sp=0x000000f4bdefd508,  free space=1013k
Native frames: (J=compiled Java code, j=interpreted, Vv=VM code, C=native code)
C  0x00000226447aae53

The last pc belongs to _linkToSpecial (printed below).

siginfo: EXCEPTION_ACCESS_VIOLATION (0xc0000005), reading address 0xffffffffffffffff


Registers:
RAX=0x0000022644779086, RBX=0xe11ec38900000000, RCX=0x000000f4bdefd510, RDX=0x0000000000000002
RSP=0x000000f4bdefd508, RBP=0x000000f4bdefd558, RSI=0x0000022695ad6418, RDI=0x0000022697ec9190
R8 =0x0000000000000004, R9 =0x0000000000000004, R10=0x00007fff4615c610, R11=0x00000226500b6c70
R12=0x0000000000000000, R13=0x000000f4bdefd508, R14=0x000000f4bdefd578, R15=0x00000226959470b0
RIP=0x00000226447aae53, EFLAGS=0x0000000000010246


Register to memory mapping:

RAX=0x0000022644779086 is at code_begin+3078 in an Interpreter codelet
return entry points  [0x0000022644778480, 0x000002264477a298]  7704 bytes
RBX=0xe11ec38900000000 is an unknown value
RCX=0x000000f4bdefd510 is pointing into the stack for thread: 0x00000226959470b0
RDX=0x0000000000000002 is an unknown value
RSP=0x000000f4bdefd508 is pointing into the stack for thread: 0x00000226959470b0
RBP=0x000000f4bdefd558 is pointing into the stack for thread: 0x00000226959470b0
RSI=0x0000022695ad6418 points into unknown readable memory: 0x800020725e3b6b5d | 5d 6b 3b 5e 72 20 00 80
RDI=0x0000022697ec9190 points into unknown readable memory: 0x0000001800000070 | 70 00 00 00 18 00 00 00
R8 =0x0000000000000004 is an unknown value
R9 =0x0000000000000004 is an unknown value
R10=0x00007fff4615c610 jvm.dll
R11={method} {0x00000226500b6c78} 'newInvokeSpecial' '(Ljava/lang/Object;)Ljava/lang/Object;' in 'java/lang/invoke/DirectMethodHandle$Holder'
R12=0x0 is null
R13=0x000000f4bdefd508 is pointing into the stack for thread: 0x00000226959470b0
R14=0x000000f4bdefd578 is pointing into the stack for thread: 0x00000226959470b0
R15=0x00000226959470b0 is a thread

Top of Stack: (sp=0x000000f4bdefd508)
0x000000f4bdefd508:   0000022644779086 000000f4bdefd510
0x000000f4bdefd518:   000002265072de87 0000000000000004
0x000000f4bdefd528:   00000226500b2128 000000070602b260
0x000000f4bdefd538:   0000000703b166e8 00000226500b6c70
0x000000f4bdefd548:   000000f4bdefd508 000000f4bdefd580
0x000000f4bdefd558:   000000f4bdefe980 0000022644a9f1cb
0x000000f4bdefd568:   0000000708f61b50 0000000708f61bf8
0x000000f4bdefd578:   0000000708f61bb0 0000000708f61960
0x000000f4bdefd588:   00000226984ca298 000000f4bdefe980
0x000000f4bdefd598:   00000226450b620c 0000000708f44760
0x000000f4bdefd5a8:   000000070602feb0 0000000708f447a8
0x000000f4bdefd5b8:   0000000704251e90 000000070421b0a8
0x000000f4bdefd5c8:   0000000000000001 0000000708f57f18
0x000000f4bdefd5d8:   0000000000000000 0000000706034048
0x000000f4bdefd5e8:   0000000703b09148 0000000706031750
0x000000f4bdefd5f8:   0000000703b29e78 000000070602b260
0x000000f4bdefd608:   0000000708f61828 0000000708f61828
0x000000f4bdefd618:   0000000708f61960 0000000708f61be0
0x000000f4bdefd628:   0000000708f619b8 000000070602b260
0x000000f4bdefd638:   0000000000000001 000000f4bdefe980
0x000000f4bdefd648:   0000022600000000 0000000000000000
0x000000f4bdefd658:   0000000000000000 0000000708f61bb0
0x000000f4bdefd668:   0000022644aa445c 0000000000000000
0x000000f4bdefd678:   0000000000000000 0000000000000000
0x000000f4bdefd688:   0000000000000000 00000226959470b0
0x000000f4bdefd698:   0000000000000000 0000000708f61960
0x000000f4bdefd6a8:   0000000000000000 0000000708f61828
0x000000f4bdefd6b8:   0000000708f61be0 0000000708f61960
0x000000f4bdefd6c8:   0000000000000000 0000000000000000
0x000000f4bdefd6d8:   0000022644a9e6ec 000000f4bdefe980
0x000000f4bdefd6e8:   0000022644a9ab6a 0000000000000000
0x000000f4bdefd6f8:   00000226449f3ba9 0000000000000000 

Instructions: (pc=0x00000226447aae53)
0x00000226447aad53:   00 00 00 74 03 ff 63 38 ff 63 50 e9 9d 16 00 00
0x00000226447aad63:   66 66 66 0f 1f 84 00 00 00 00 00 66 66 66 90 66
0x00000226447aad73:   66 0f 1f 84 00 00 00 00 00 66 66 66 90 48 8b 53
0x00000226447aad83:   08 0f b7 52 2e 48 8b 0c d4 58 5b 50 44 8b 51 08
0x00000226447aad93:   49 bb 00 00 00 50 26 02 00 00 4d 03 d3 4c 8b 5b
0x00000226447aada3:   10 4b 8b 9c da c8 01 00 00 48 85 db 0f 84 10 00
0x00000226447aadb3:   00 00 41 80 bf e0 05 00 00 00 74 03 ff 63 38 ff
0x00000226447aadc3:   63 50 e9 36 16 00 00 66 66 66 0f 1f 84 00 00 00
0x00000226447aadd3:   00 00 66 66 66 90 0f 1f 80 00 00 00 00 58 5b 50
0x00000226447aade3:   8b 5b 24 48 c1 e3 03 48 8b 5b 10 48 85 db 0f 84
0x00000226447aadf3:   10 00 00 00 41 80 bf e0 05 00 00 00 74 03 ff 63
0x00000226447aae03:   38 ff 63 50 e9 f4 15 00 00 66 66 66 0f 1f 84 00
0x00000226447aae13:   00 00 00 00 66 66 66 90 0f 1f 44 00 00 48 8b 53
0x00000226447aae23:   08 0f b7 52 2e 48 8b 0c d4 58 5b 50 48 3b 01 8b
0x00000226447aae33:   5b 24 48 c1 e3 03 48 8b 5b 10 48 85 db 0f 84 10
0x00000226447aae43:   00 00 00 41 80 bf e0 05 00 00 00 74 03 ff 63 38
0x00000226447aae53:   ff 63 50 e9 a5 15 00 00 0f 1f 44 00 00 48 8b 53
0x00000226447aae63:   08 0f b7 52 2e 48 8b 0c d4 58 5b 50 44 8b 51 08
0x00000226447aae73:   49 bb 00 00 00 50 26 02 00 00 4d 03 d3 8b 43 18
0x00000226447aae83:   48 c1 e0 03 48 8b 40 10 48 8b 5b 10 45 8b 9a a0
0x00000226447aae93:   00 00 00 4f 8d 9c da c8 01 00 00 4d 8d 14 da 49
0x00000226447aaea3:   8b 1b 48 3b c3 74 15 48 85 db 0f 84 32 00 00 00
0x00000226447aaeb3:   49 83 c3 10 49 8b 1b 48 3b c3 75 eb 45 8b 5b 08
0x00000226447aaec3:   4b 8b 1c 1a 48 85 db 0f 84 10 00 00 00 41 80 bf
0x00000226447aaed3:   e0 05 00 00 00 74 03 ff 63 38 ff 63 50 e9 1b 15
0x00000226447aaee3:   00 00 e9 16 12 00 00 f4 00 00 00 00 00 00 00 00
0x00000226447aaef3:   00 00 00 00 00 00 00 00 00 00 00 00 00 00 00 00
0x00000226447aaf03:   00 00 00 00 00 00 00 00 00 00 00 00 00 00 00 00
0x00000226447aaf13:   00 00 00 00 00 00 00 00 00 00 00 00 00 00 00 00
0x00000226447aaf23:   00 00 00 00 00 00 00 00 00 00 00 00 00 00 00 00
0x00000226447aaf33:   00 00 00 00 00 00 00 00 00 00 00 00 00 00 00 00
0x00000226447aaf43:   00 00 00 00 00 00 00 00 00 00 00 00 00 00 00 00 


Stack slot to memory mapping:

stack at sp + 0 slots: 0x0000022644779086 is at code_begin+3078 in an Interpreter codelet
return entry points  [0x0000022644778480, 0x000002264477a298]  7704 bytes
stack at sp + 1 slots: 0x000000f4bdefd510 is pointing into the stack for thread: 0x00000226959470b0
stack at sp + 2 slots: 0x000002265072de87 is pointing into metadata
stack at sp + 3 slots: 0x0000000000000004 is an unknown value
stack at sp + 4 slots: 0x00000226500b2128 is pointing into metadata
stack at sp + 5 slots: 0x000000070602b260 is an oop: java.lang.Class 
{0x000000070602b260} - klass: 'java/lang/Class'
 - ---- fields (total size 15 words):
 - private volatile transient 'classRedefinedCount' 'I' @12  0 (0x00000000)
 - injected 'klass' 'J' @16  2363603403296 (0x0000022651bdc220)
 - injected 'array_klass' 'J' @24  0 (0x0000000000000000)
 - injected 'oop_size' 'I' @32  15 (0x0000000f)
 - injected 'static_oop_field_count' 'I' @36  1 (0x00000001)
 - private volatile transient 'cachedConstructor' 'Ljava/lang/reflect/Constructor;' @40  null (0x00000000)
 - private transient 'name' 'Ljava/lang/String;' @44  "com.gld.controller.TransactionController"{0x0000000703cfd8b8} (0xe079fb17)
 - private transient 'module' 'Ljava/lang/Module;' @48  a 'java/lang/Module'{0x0000000706033950} (0xe0c0672a)
 - private final 'classLoader' 'Ljava/lang/ClassLoader;' @52  a 'org/springframework/boot/devtools/restart/classloader/RestartClassLoader'{0x0000000706031750} (0xe0c062ea)
 - private transient 'classData' 'Ljava/lang/Object;' @56  null (0x00000000)
 - private transient 'packageName' 'Ljava/lang/String;' @60  "com.gld.controller"{0x0000000703cfd908} (0xe079fb21)
 - private final 'componentType' 'Ljava/lang/Class;' @64  null (0x00000000)
 - private volatile transient 'reflectionData' 'Ljava/lang/ref/SoftReference;' @68  a 'java/lang/ref/SoftReference'{0x000000070602e2b0} (0xe0c05c56)
 - private volatile transient 'genericInfo' 'Lsun/reflect/generics/repository/ClassRepository;' @72  null (0x00000000)
 - private volatile transient 'enumConstants' '[Ljava/lang/Object;' @76  null (0x00000000)
 - private volatile transient 'enumConstantDirectory' 'Ljava/util/Map;' @80  null (0x00000000)
 - private volatile transient 'annotationData' 'Ljava/lang/Class$AnnotationData;' @84  a 'java/lang/Class$AnnotationData'{0x000000070602e328} (0xe0c05c65)
 - private volatile transient 'annotationType' 'Lsun/reflect/annotation/AnnotationType;' @88  null (0x00000000)
 - transient 'classValueMap' 'Ljava/lang/ClassValue$ClassValueMap;' @92  null (0x00000000)
 - injected 'protection_domain' 'Ljava/lang/Object;' @96  a 'java/security/ProtectionDomain'{0x0000000706034048} (0xe0c06809)
 - injected 'signers_name' 'Ljava/lang/Object;' @100  null (0x00000000)
 - injected 'source_file' 'Ljava/lang/Object;' @104  null (0x00000000)
 - signature: Lcom/gld/controller/TransactionController;
 - ---- static fields (1):
 - private static final 'log' 'Lorg/slf4j/Logger;' @112  null (0x00000000)
stack at sp + 6 slots: 0x0000000703b166e8 is an oop: java.lang.Class 
{0x0000000703b166e8} - klass: 'java/lang/Class'
 - ---- fields (total size 14 words):
 - private volatile transient 'classRedefinedCount' 'I' @12  0 (0x00000000)
 - injected 'klass' 'J' @16  2363574918392 (0x00000226500b1cf8)
 - injected 'array_klass' 'J' @24  0 (0x0000000000000000)
 - injected 'oop_size' 'I' @32  14 (0x0000000e)
 - injected 'static_oop_field_count' 'I' @36  0 (0x00000000)
 - private volatile transient 'cachedConstructor' 'Ljava/lang/reflect/Constructor;' @40  null (0x00000000)
 - private transient 'name' 'Ljava/lang/String;' @44  null (0x00000000)
 - private transient 'module' 'Ljava/lang/Module;' @48  a 'java/lang/Module'{0x0000000703b2bf50} (0xe07657ea)
 - private final 'classLoader' 'Ljava/lang/ClassLoader;' @52  null (0x00000000)
 - private transient 'classData' 'Ljava/lang/Object;' @56  null (0x00000000)
 - private transient 'packageName' 'Ljava/lang/String;' @60  null (0x00000000)
 - private final 'componentType' 'Ljava/lang/Class;' @64  null (0x00000000)
 - private volatile transient 'reflectionData' 'Ljava/lang/ref/SoftReference;' @68  null (0x00000000)
 - private volatile transient 'genericInfo' 'Lsun/reflect/generics/repository/ClassRepository;' @72  null (0x00000000)
 - private volatile transient 'enumConstants' '[Ljava/lang/Object;' @76  null (0x00000000)
 - private volatile transient 'enumConstantDirectory' 'Ljava/util/Map;' @80  null (0x00000000)
 - private volatile transient 'annotationData' 'Ljava/lang/Class$AnnotationData;' @84  null (0x00000000)
 - private volatile transient 'annotationType' 'Lsun/reflect/annotation/AnnotationType;' @88  null (0x00000000)
 - transient 'classValueMap' 'Ljava/lang/ClassValue$ClassValueMap;' @92  null (0x00000000)
 - injected 'protection_domain' 'Ljava/lang/Object;' @96  null (0x00000000)
 - injected 'signers_name' 'Ljava/lang/Object;' @100  null (0x00000000)
 - injected 'source_file' 'Ljava/lang/Object;' @104  null (0x00000000)
 - signature: Ljava/lang/invoke/DirectMethodHandle$Holder;
 - ---- static fields (0):
stack at sp + 7 slots: {method} {0x00000226500b6c78} 'newInvokeSpecial' '(Ljava/lang/Object;)Ljava/lang/Object;' in 'java/lang/invoke/DirectMethodHandle$Holder'

MethodHandle::interpreter_entry::_linkToSpecial [0x00000226447aae0c, 0x00000226447aae5b] (79 bytes)
[MachCode]
  0x00000226447aae0c: 6666 660f | 1f84 0000 | 0000 0066 | 6666 900f | 1f44 0000 | 488b 5308 | 0fb7 522e | 488b 0cd4 
  0x00000226447aae2c: 585b 5048 | 3b01 8b5b | 2448 c1e3 | 0348 8b5b | 1048 85db | 0f84 1000 | 0000 4180 | bfe0 0500 
  0x00000226447aae4c: 0000 7403 | ff63 38ff | 6350 e9a5 | 
[/MachCode]

---------------  P R O C E S S  ---------------

Threads class SMR info:
_java_thread_list=0x00000226966dcd10, length=31, elements={
0x000002264f0fe140, 0x000002264f1005f0, 0x000002264f102e00, 0x000002264f105870,
0x000002264f1103d0, 0x000002264f110e30, 0x000002264f1138a0, 0x000002264f2b3b30,
0x000002264f37a8e0, 0x000002264f39aaf0, 0x000002264f39b170, 0x00000226951ff5a0,
0x0000022695344610, 0x000002269535f990, 0x000002269537f6f0, 0x0000022695934720,
0x0000022695920c90, 0x0000022695949ea0, 0x0000022695948460, 0x0000022695dfeda0,
0x00000226985ed930, 0x00000226985ecc10, 0x00000226985eece0, 0x00000226985ed2a0,
0x0000022695e01500, 0x00000226959470b0, 0x000002269540aa10, 0x0000022695947740,
0x0000022695949180, 0x0000022695948af0, 0x0000022695949810
}

Java Threads: ( => current thread )
  0x000002264f0fe140 JavaThread "Reference Handler"          daemon [_thread_blocked, id=1516, stack(0x000000f4bc600000,0x000000f4bc700000) (1024K)]
  0x000002264f1005f0 JavaThread "Finalizer"                  daemon [_thread_blocked, id=17664, stack(0x000000f4bc700000,0x000000f4bc800000) (1024K)]
  0x000002264f102e00 JavaThread "Signal Dispatcher"          daemon [_thread_blocked, id=21688, stack(0x000000f4bc800000,0x000000f4bc900000) (1024K)]
  0x000002264f105870 JavaThread "Attach Listener"            daemon [_thread_blocked, id=5572, stack(0x000000f4bc900000,0x000000f4bca00000) (1024K)]
  0x000002264f1103d0 JavaThread "Service Thread"             daemon [_thread_blocked, id=19872, stack(0x000000f4bca00000,0x000000f4bcb00000) (1024K)]
  0x000002264f110e30 JavaThread "Monitor Deflation Thread"   daemon [_thread_blocked, id=17528, stack(0x000000f4bcb00000,0x000000f4bcc00000) (1024K)]
  0x000002264f1138a0 JavaThread "C1 CompilerThread0"         daemon [_thread_blocked, id=7232, stack(0x000000f4bcc00000,0x000000f4bcd00000) (1024K)]
  0x000002264f2b3b30 JavaThread "Common-Cleaner"             daemon [_thread_blocked, id=23336, stack(0x000000f4bcd00000,0x000000f4bce00000) (1024K)]
  0x000002264f37a8e0 JavaThread "JDWP Transport Listener: dt_socket" daemon [_thread_blocked, id=12852, stack(0x000000f4bd000000,0x000000f4bd100000) (1024K)]
  0x000002264f39aaf0 JavaThread "JDWP Event Helper Thread"   daemon [_thread_blocked, id=9396, stack(0x000000f4bd100000,0x000000f4bd200000) (1024K)]
  0x000002264f39b170 JavaThread "JDWP Command Reader"        daemon [_thread_in_native, id=20264, stack(0x000000f4bd200000,0x000000f4bd300000) (1024K)]
  0x00000226951ff5a0 JavaThread "Notification Thread"        daemon [_thread_blocked, id=24832, stack(0x000000f4bd300000,0x000000f4bd400000) (1024K)]
  0x0000022695344610 JavaThread "RMI TCP Accept-0"           daemon [_thread_in_native, id=19596, stack(0x000000f4bd700000,0x000000f4bd800000) (1024K)]
  0x000002269535f990 JavaThread "RMI TCP Accept-64068"       daemon [_thread_in_native, id=16216, stack(0x000000f4bd800000,0x000000f4bd900000) (1024K)]
  0x000002269537f6f0 JavaThread "RMI TCP Accept-0"           daemon [_thread_in_native, id=20124, stack(0x000000f4bd900000,0x000000f4bda00000) (1024K)]
  0x0000022695934720 JavaThread "RMI Scheduler(0)"           daemon [_thread_blocked, id=27576, stack(0x000000f4bdc00000,0x000000f4bdd00000) (1024K)]
  0x0000022695920c90 JavaThread "RMI TCP Connection(idle)"   daemon [_thread_blocked, id=25488, stack(0x000000f4bdd00000,0x000000f4bde00000) (1024K)]
  0x0000022695949ea0 JavaThread "JMX server connection timeout 36" daemon [_thread_blocked, id=12536, stack(0x000000f4be000000,0x000000f4be100000) (1024K)]
  0x0000022695948460 JavaThread "mysql-cj-abandoned-connection-cleanup" daemon [_thread_blocked, id=2476, stack(0x000000f4be100000,0x000000f4be200000) (1024K)]
  0x0000022695dfeda0 JavaThread "Live Reload Server"         daemon [_thread_in_native, id=25640, stack(0x000000f4bea00000,0x000000f4beb00000) (1024K)]
  0x00000226985ed930 JavaThread "DestroyJavaVM"                     [_thread_blocked, id=9632, stack(0x000000f4bbe00000,0x000000f4bbf00000) (1024K)]
  0x00000226985ecc10 JavaThread "File Watcher"               daemon [_thread_blocked, id=25156, stack(0x000000f4bdb00000,0x000000f4bdc00000) (1024K)]
  0x00000226985eece0 JavaThread "File Watcher"               daemon [_thread_blocked, id=18720, stack(0x000000f4bda00000,0x000000f4bdb00000) (1024K)]
  0x00000226985ed2a0 JavaThread "File Watcher"               daemon [_thread_blocked, id=24800, stack(0x000000f4bcf00000,0x000000f4bd000000) (1024K)]
  0x0000022695e01500 JavaThread "Thread-15"                         [_thread_blocked, id=9828, stack(0x000000f4bbc00000,0x000000f4bbd00000) (1024K)]
=>0x00000226959470b0 JavaThread "restartedMain"                     [_thread_in_Java, id=23744, stack(0x000000f4bde00000,0x000000f4bdf00000) (1024K)]
  0x000002269540aa10 JavaThread "C1 CompilerThread1"         daemon [_thread_blocked, id=16756, stack(0x000000f4bbd00000,0x000000f4bbe00000) (1024K)]
  0x0000022695947740 JavaThread "HikariPool-8:housekeeper"   daemon [_thread_blocked, id=15784, stack(0x000000f4be200000,0x000000f4be300000) (1024K)]
  0x0000022695949180 JavaThread "Catalina-utility-1"                [_thread_blocked, id=27036, stack(0x000000f4be400000,0x000000f4be500000) (1024K)]
  0x0000022695948af0 JavaThread "Catalina-utility-2"                [_thread_blocked, id=21756, stack(0x000000f4be500000,0x000000f4be600000) (1024K)]
  0x0000022695949810 JavaThread "container-3"                       [_thread_blocked, id=19540, stack(0x000000f4be600000,0x000000f4be700000) (1024K)]
Total: 31

Other Threads:
  0x000002264f0d6680 VMThread "VM Thread"                           [id=18920, stack(0x000000f4bc500000,0x000000f4bc600000) (1024K)]
  0x000002264f0c3360 WatcherThread "VM Periodic Task Thread"        [id=1800, stack(0x000000f4bc400000,0x000000f4bc500000) (1024K)]
  0x000002263ab4fd50 WorkerThread "GC Thread#0"                     [id=15264, stack(0x000000f4bbf00000,0x000000f4bc000000) (1024K)]
  0x00000226951fc4e0 WorkerThread "GC Thread#1"                     [id=3596, stack(0x000000f4bd400000,0x000000f4bd500000) (1024K)]
  0x00000226951fc880 WorkerThread "GC Thread#2"                     [id=17540, stack(0x000000f4bd500000,0x000000f4bd600000) (1024K)]
  0x00000226951fcc20 WorkerThread "GC Thread#3"                     [id=17768, stack(0x000000f4bd600000,0x000000f4bd700000) (1024K)]
  0x000002263ab60950 ConcurrentGCThread "G1 Main Marker"            [id=23804, stack(0x000000f4bc000000,0x000000f4bc100000) (1024K)]
  0x000002263ab62980 WorkerThread "G1 Conc#0"                       [id=14844, stack(0x000000f4bc100000,0x000000f4bc200000) (1024K)]
  0x000002264ef944f0 ConcurrentGCThread "G1 Refine#0"               [id=19376, stack(0x000000f4bc200000,0x000000f4bc300000) (1024K)]
  0x000002263ab9ebb0 ConcurrentGCThread "G1 Service"                [id=16536, stack(0x000000f4bc300000,0x000000f4bc400000) (1024K)]
Total: 10

Threads with active compile tasks:
Total: 0

VM state: not at safepoint (normal execution)

VM Mutex/Monitor currently owned by a thread: None

Heap address: 0x0000000703600000, size: 4042 MB, Compressed Oops mode: Zero based, Oop shift amount: 3

CDS archive(s) mapped at: [0x0000022650000000-0x0000022650c90000-0x0000022650c90000), size 13172736, SharedBaseAddress: 0x0000022650000000, ArchiveRelocationMode: 1.
Compressed class space mapped at: 0x0000022651000000-0x0000022691000000, reserved size: 1073741824
Narrow klass base: 0x0000022650000000, Narrow klass shift: 0, Narrow klass range: 0x100000000

GC Precious Log:
 CardTable entry size: 512
 Card Set container configuration: InlinePtr #cards 4 size 8 Array Of Cards #cards 16 size 48 Howl #buckets 8 coarsen threshold 3686 Howl Bitmap #cards 512 size 80 coarsen threshold 460 Card regions per heap region 1 cards per card region 4096
 CPUs: 4 total, 4 available
 Memory: 16167M
 Large Page Support: Disabled
 NUMA Support: Disabled
 Compressed Oops: Enabled (Zero based)
 Heap Region Size: 2M
 Heap Min Capacity: 8M
 Heap Initial Capacity: 254M
 Heap Max Capacity: 4042M
 Pre-touch: Disabled
 Parallel Workers: 4
 Concurrent Workers: 1
 Concurrent Refinement Workers: 4
 Periodic GC: Disabled

Heap:
 garbage-first heap   total 108544K, used 56742K [0x0000000703600000, 0x0000000800000000)
  region size 2048K, 15 young (30720K), 4 survivors (8192K)
 Metaspace       used 89150K, committed 89920K, reserved 1179648K
  class space    used 12649K, committed 12992K, reserved 1048576K

Heap Regions: E=young(eden), S=young(survivor), O=old, HS=humongous(starts), HC=humongous(continues), CS=collection set, F=free, TAMS=top-at-mark-start, PB=parsable bottom
|   0|0x0000000703600000, 0x0000000703800000, 0x0000000703800000|100%| O|  |TAMS 0x0000000703600000| PB 0x0000000703600000| Untracked 
|   1|0x0000000703800000, 0x0000000703a00000, 0x0000000703a00000|100%| O|  |TAMS 0x0000000703800000| PB 0x0000000703800000| Untracked 
|   2|0x0000000703a00000, 0x0000000703bfffa0, 0x0000000703c00000| 99%| O|  |TAMS 0x0000000703a00000| PB 0x0000000703a00000| Untracked 
|   3|0x0000000703c00000, 0x0000000703dffff0, 0x0000000703e00000| 99%| O|  |TAMS 0x0000000703c00000| PB 0x0000000703c00000| Untracked 
|   4|0x0000000703e00000, 0x0000000704000000, 0x0000000704000000|100%| O|  |TAMS 0x0000000703e00000| PB 0x0000000703e00000| Untracked 
|   5|0x0000000704000000, 0x0000000704200000, 0x0000000704200000|100%| O|  |TAMS 0x0000000704000000| PB 0x0000000704000000| Untracked 
|   6|0x0000000704200000, 0x0000000704400000, 0x0000000704400000|100%| O|  |TAMS 0x0000000704200000| PB 0x0000000704200000| Untracked 
|   7|0x0000000704400000, 0x0000000704600000, 0x0000000704600000|100%| O|  |TAMS 0x0000000704400000| PB 0x0000000704400000| Untracked 
|   8|0x0000000704600000, 0x00000007047fffc8, 0x0000000704800000| 99%| O|  |TAMS 0x0000000704600000| PB 0x0000000704600000| Untracked 
|   9|0x0000000704800000, 0x00000007049fffe8, 0x0000000704a00000| 99%| O|  |TAMS 0x0000000704800000| PB 0x0000000704800000| Untracked 
|  10|0x0000000704a00000, 0x0000000704bfffe0, 0x0000000704c00000| 99%| O|  |TAMS 0x0000000704a00000| PB 0x0000000704a00000| Untracked 
|  11|0x0000000704c00000, 0x0000000704dc3df0, 0x0000000704e00000| 88%| O|  |TAMS 0x0000000704c00000| PB 0x0000000704c00000| Untracked 
|  12|0x0000000704e00000, 0x0000000705000000, 0x0000000705000000|100%| O|  |TAMS 0x0000000704e00000| PB 0x0000000704e00000| Untracked 
|  13|0x0000000705000000, 0x00000007051ffff0, 0x0000000705200000| 99%| O|  |TAMS 0x0000000705000000| PB 0x0000000705000000| Untracked 
|  14|0x0000000705200000, 0x0000000705200000, 0x0000000705400000|  0%| F|  |TAMS 0x0000000705200000| PB 0x0000000705200000| Untracked 
|  15|0x0000000705400000, 0x000000070551a118, 0x0000000705600000| 55%| O|  |TAMS 0x0000000705400000| PB 0x0000000705400000| Untracked 
|  16|0x0000000705600000, 0x0000000705610388, 0x0000000705800000|  3%| O|Cm|TAMS 0x0000000705600000| PB 0x0000000705600000| Complete 
|  17|0x0000000705800000, 0x0000000705800000, 0x0000000705a00000|  0%| F|  |TAMS 0x0000000705800000| PB 0x0000000705800000| Untracked 
|  18|0x0000000705a00000, 0x0000000705a7ba48, 0x0000000705c00000| 24%| S|CS|TAMS 0x0000000705a00000| PB 0x0000000705a00000| Complete 
|  19|0x0000000705c00000, 0x0000000705e00000, 0x0000000705e00000|100%| S|CS|TAMS 0x0000000705c00000| PB 0x0000000705c00000| Complete 
|  20|0x0000000705e00000, 0x0000000706000000, 0x0000000706000000|100%| S|CS|TAMS 0x0000000705e00000| PB 0x0000000705e00000| Complete 
|  21|0x0000000706000000, 0x0000000706200000, 0x0000000706200000|100%| S|CS|TAMS 0x0000000706000000| PB 0x0000000706000000| Complete 
|  22|0x0000000706200000, 0x0000000706200000, 0x0000000706400000|  0%| F|  |TAMS 0x0000000706200000| PB 0x0000000706200000| Untracked 
|  23|0x0000000706400000, 0x0000000706400000, 0x0000000706600000|  0%| F|  |TAMS 0x0000000706400000| PB 0x0000000706400000| Untracked 
|  24|0x0000000706600000, 0x0000000706600000, 0x0000000706800000|  0%| F|  |TAMS 0x0000000706600000| PB 0x0000000706600000| Untracked 
|  25|0x0000000706800000, 0x0000000706800000, 0x0000000706a00000|  0%| F|  |TAMS 0x0000000706800000| PB 0x0000000706800000| Untracked 
|  26|0x0000000706a00000, 0x0000000706a00000, 0x0000000706c00000|  0%| F|  |TAMS 0x0000000706a00000| PB 0x0000000706a00000| Untracked 
|  27|0x0000000706c00000, 0x0000000706c00000, 0x0000000706e00000|  0%| F|  |TAMS 0x0000000706c00000| PB 0x0000000706c00000| Untracked 
|  28|0x0000000706e00000, 0x0000000706e00000, 0x0000000707000000|  0%| F|  |TAMS 0x0000000706e00000| PB 0x0000000706e00000| Untracked 
|  29|0x0000000707000000, 0x0000000707000000, 0x0000000707200000|  0%| F|  |TAMS 0x0000000707000000| PB 0x0000000707000000| Untracked 
|  30|0x0000000707200000, 0x0000000707200000, 0x0000000707400000|  0%| F|  |TAMS 0x0000000707200000| PB 0x0000000707200000| Untracked 
|  31|0x0000000707400000, 0x0000000707400000, 0x0000000707600000|  0%| F|  |TAMS 0x0000000707400000| PB 0x0000000707400000| Untracked 
|  32|0x0000000707600000, 0x0000000707600000, 0x0000000707800000|  0%| F|  |TAMS 0x0000000707600000| PB 0x0000000707600000| Untracked 
|  33|0x0000000707800000, 0x0000000707800000, 0x0000000707a00000|  0%| F|  |TAMS 0x0000000707800000| PB 0x0000000707800000| Untracked 
|  34|0x0000000707a00000, 0x0000000707a00000, 0x0000000707c00000|  0%| F|  |TAMS 0x0000000707a00000| PB 0x0000000707a00000| Untracked 
|  35|0x0000000707c00000, 0x0000000707c00000, 0x0000000707e00000|  0%| F|  |TAMS 0x0000000707c00000| PB 0x0000000707c00000| Untracked 
|  36|0x0000000707e00000, 0x0000000707e00000, 0x0000000708000000|  0%| F|  |TAMS 0x0000000707e00000| PB 0x0000000707e00000| Untracked 
|  37|0x0000000708000000, 0x0000000708000000, 0x0000000708200000|  0%| F|  |TAMS 0x0000000708000000| PB 0x0000000708000000| Untracked 
|  38|0x0000000708200000, 0x0000000708200000, 0x0000000708400000|  0%| F|  |TAMS 0x0000000708200000| PB 0x0000000708200000| Untracked 
|  39|0x0000000708400000, 0x0000000708400000, 0x0000000708600000|  0%| F|  |TAMS 0x0000000708400000| PB 0x0000000708400000| Untracked 
|  40|0x0000000708600000, 0x0000000708600000, 0x0000000708800000|  0%| F|  |TAMS 0x0000000708600000| PB 0x0000000708600000| Untracked 
|  41|0x0000000708800000, 0x0000000708800000, 0x0000000708a00000|  0%| F|  |TAMS 0x0000000708800000| PB 0x0000000708800000| Untracked 
|  42|0x0000000708a00000, 0x0000000708a298a8, 0x0000000708c00000|  8%| E|  |TAMS 0x0000000708a00000| PB 0x0000000708a00000| Complete 
|  43|0x0000000708c00000, 0x0000000708e00000, 0x0000000708e00000|100%| E|CS|TAMS 0x0000000708c00000| PB 0x0000000708c00000| Complete 
|  44|0x0000000708e00000, 0x0000000709000000, 0x0000000709000000|100%| E|CS|TAMS 0x0000000708e00000| PB 0x0000000708e00000| Complete 
|  45|0x0000000709000000, 0x0000000709200000, 0x0000000709200000|100%| E|CS|TAMS 0x0000000709000000| PB 0x0000000709000000| Complete 
|  46|0x0000000709200000, 0x0000000709400000, 0x0000000709400000|100%| E|CS|TAMS 0x0000000709200000| PB 0x0000000709200000| Complete 
|  47|0x0000000709400000, 0x0000000709600000, 0x0000000709600000|100%| E|CS|TAMS 0x0000000709400000| PB 0x0000000709400000| Complete 
|  66|0x000000070ba00000, 0x000000070bc00000, 0x000000070bc00000|100%| E|CS|TAMS 0x000000070ba00000| PB 0x000000070ba00000| Complete 
|  67|0x000000070bc00000, 0x000000070be00000, 0x000000070be00000|100%| E|CS|TAMS 0x000000070bc00000| PB 0x000000070bc00000| Complete 
|  68|0x000000070be00000, 0x000000070c000000, 0x000000070c000000|100%| E|CS|TAMS 0x000000070be00000| PB 0x000000070be00000| Complete 
|  95|0x000000070f400000, 0x000000070f600000, 0x000000070f600000|100%| E|CS|TAMS 0x000000070f400000| PB 0x000000070f400000| Complete 
| 126|0x0000000713200000, 0x0000000713400000, 0x0000000713400000|100%| E|CS|TAMS 0x0000000713200000| PB 0x0000000713200000| Complete 

Card table byte_map: [0x00000226483a0000,0x0000022648b90000] _byte_map_base: 0x0000022644b85000

Marking Bits: (CMBitMap*) 0x000002263ab50360
 Bits: [0x0000022648b90000, 0x000002264cab8000)

Polling page: 0x000002263aa80000

Metaspace:

Usage:
  Non-class:     74.71 MB used.
      Class:     12.35 MB used.
       Both:     87.06 MB used.

Virtual space:
  Non-class space:      128.00 MB reserved,      75.12 MB ( 59%) committed,  2 nodes.
      Class space:        1.00 GB reserved,      12.69 MB (  1%) committed,  1 nodes.
             Both:        1.12 GB reserved,      87.81 MB (  8%) committed. 

Chunk freelists:
   Non-Class:  4.14 MB
       Class:  3.26 MB
        Both:  7.40 MB

MaxMetaspaceSize: unlimited
CompressedClassSpaceSize: 1.00 GB
Initial GC threshold: 21.00 MB
Current GC threshold: 146.25 MB
CDS: on
 - commit_granule_bytes: 65536.
 - commit_granule_words: 8192.
 - virtual_space_node_default_size: 8388608.
 - enlarge_chunks_in_place: 1.
 - use_allocation_guard: 0.


Internal statistics:

num_allocs_failed_limit: 12.
num_arena_births: 2114.
num_arena_deaths: 1084.
num_vsnodes_births: 3.
num_vsnodes_deaths: 0.
num_space_committed: 1405.
num_space_uncommitted: 0.
num_chunks_returned_to_freelist: 1332.
num_chunks_taken_from_freelist: 5866.
num_chunk_merges: 278.
num_chunk_splits: 3609.
num_chunks_enlarged: 2677.
num_inconsistent_stats: 0.

CodeCache: size=49152Kb used=18441Kb max_used=20342Kb free=30711Kb
 bounds [0x0000022644770000, 0x0000022645b80000, 0x0000022647770000]
 total_blobs=9357 nmethods=8590 adapters=689
 compilation: enabled
              stopped_count=0, restarted_count=0
 full_count=0

Compilation events (20 events):
Event: 2568.685 Thread 0x000002264f1138a0 14365       1       org.springframework.core.annotation.AbstractMergedAnnotation::getValue (8 bytes)
Event: 2568.685 Thread 0x000002264f1138a0 nmethod 14365 0x0000022645998310 code [0x00000226459984c0, 0x00000226459985d0]
Event: 2568.691 Thread 0x00000226982e8430 14366       1       java.lang.Class::getPackage (38 bytes)
Event: 2568.692 Thread 0x00000226982e8430 nmethod 14366 0x0000022645997d10 code [0x0000022645997f00, 0x0000022645998160]
Event: 2568.692 Thread 0x000002269540aa10 14367       1       java.lang.ClassLoader::definePackage (29 bytes)
Event: 2568.692 Thread 0x000002269540aa10 nmethod 14367 0x0000022645997890 code [0x0000022645997a60, 0x0000022645997c10]
Event: 2568.718 Thread 0x000002269540aa10 14368       1       java.math.MutableBigInteger::copyAndShift (73 bytes)
Event: 2568.719 Thread 0x000002269540aa10 nmethod 14368 0x0000022644e6bc90 code [0x0000022644e6be40, 0x0000022644e6c010]
Event: 2568.765 Thread 0x00000226982e8430 14370       1       sun.security.util.math.IntegerModuloP$MultiplicativeInverser::of (37 bytes)
Event: 2568.765 Thread 0x000002269540aa10 14369       1       sun.security.util.math.IntegerModuloP::multiplicativeInverse (21 bytes)
Event: 2568.765 Thread 0x000002269540aa10 nmethod 14369 0x0000022644e6b810 code [0x0000022644e6b9c0, 0x0000022644e6bb28]
Event: 2568.765 Thread 0x00000226982e8430 nmethod 14370 0x0000022644e6b190 code [0x0000022644e6b380, 0x0000022644e6b6b8]
Event: 2568.813 Thread 0x00000226982e8430 14371       1       com.mysql.cj.protocol.a.NativeServerSession::getCapabilities (5 bytes)
Event: 2568.813 Thread 0x00000226982e8430 nmethod 14371 0x0000022644e6ae90 code [0x0000022644e6b020, 0x0000022644e6b0f0]
Event: 2568.878 Thread 0x000002264f1138a0 14372       1       sun.security.ec.point.ProjectivePoint$Mutable::setValue (63 bytes)
Event: 2568.879 Thread 0x000002264f1138a0 nmethod 14372 0x0000022644e6a490 code [0x0000022644e6a680, 0x0000022644e6ab08]
Event: 2568.883 Thread 0x000002264f1138a0 14373       1       sun.util.calendar.ZoneInfo::clone (15 bytes)
Event: 2568.883 Thread 0x00000226982e8430 14374   !   1       java.util.TimeZone::clone (15 bytes)
Event: 2568.883 Thread 0x00000226982e8430 nmethod 14374 0x0000022644e69d90 code [0x0000022644e69f40, 0x0000022644e6a0f0]
Event: 2568.883 Thread 0x000002264f1138a0 nmethod 14373 0x000002264595ca90 code [0x000002264595cc60, 0x000002264595ce90]

GC Heap History (20 events):
Event: 1153.858 GC heap before
{Heap before GC invocations=45 (full 3):
 garbage-first heap   total 108544K, used 92097K [0x0000000703600000, 0x0000000800000000)
  region size 2048K, 23 young (47104K), 3 survivors (6144K)
 Metaspace       used 88697K, committed 89472K, reserved 1179648K
  class space    used 12577K, committed 12928K, reserved 1048576K
}
Event: 1153.864 GC heap after
{Heap after GC invocations=46 (full 3):
 garbage-first heap   total 108544K, used 53176K [0x0000000703600000, 0x0000000800000000)
  region size 2048K, 3 young (6144K), 3 survivors (6144K)
 Metaspace       used 88697K, committed 89472K, reserved 1179648K
  class space    used 12577K, committed 12928K, reserved 1048576K
}
Event: 1283.459 GC heap before
{Heap before GC invocations=46 (full 3):
 garbage-first heap   total 108544K, used 92088K [0x0000000703600000, 0x0000000800000000)
  region size 2048K, 22 young (45056K), 3 survivors (6144K)
 Metaspace       used 88707K, committed 89472K, reserved 1179648K
  class space    used 12579K, committed 12928K, reserved 1048576K
}
Event: 1283.472 GC heap after
{Heap after GC invocations=47 (full 3):
 garbage-first heap   total 108544K, used 52722K [0x0000000703600000, 0x0000000800000000)
  region size 2048K, 2 young (4096K), 2 survivors (4096K)
 Metaspace       used 88707K, committed 89472K, reserved 1179648K
  class space    used 12579K, committed 12928K, reserved 1048576K
}
Event: 1448.504 GC heap before
{Heap before GC invocations=47 (full 3):
 garbage-first heap   total 108544K, used 93682K [0x0000000703600000, 0x0000000800000000)
  region size 2048K, 22 young (45056K), 2 survivors (4096K)
 Metaspace       used 88707K, committed 89472K, reserved 1179648K
  class space    used 12579K, committed 12928K, reserved 1048576K
}
Event: 1448.511 GC heap after
{Heap after GC invocations=48 (full 3):
 garbage-first heap   total 108544K, used 51968K [0x0000000703600000, 0x0000000800000000)
  region size 2048K, 1 young (2048K), 1 survivors (2048K)
 Metaspace       used 88707K, committed 89472K, reserved 1179648K
  class space    used 12579K, committed 12928K, reserved 1048576K
}
Event: 1628.679 GC heap before
{Heap before GC invocations=49 (full 3):
 garbage-first heap   total 108544K, used 97024K [0x0000000703600000, 0x0000000800000000)
  region size 2048K, 23 young (47104K), 1 survivors (2048K)
 Metaspace       used 88624K, committed 89472K, reserved 1179648K
  class space    used 12559K, committed 12928K, reserved 1048576K
}
Event: 1628.682 GC heap after
{Heap after GC invocations=50 (full 3):
 garbage-first heap   total 108544K, used 51784K [0x0000000703600000, 0x0000000800000000)
  region size 2048K, 1 young (2048K), 1 survivors (2048K)
 Metaspace       used 88624K, committed 89472K, reserved 1179648K
  class space    used 12559K, committed 12928K, reserved 1048576K
}
Event: 1809.769 GC heap before
{Heap before GC invocations=50 (full 3):
 garbage-first heap   total 108544K, used 96840K [0x0000000703600000, 0x0000000800000000)
  region size 2048K, 23 young (47104K), 1 survivors (2048K)
 Metaspace       used 88624K, committed 89472K, reserved 1179648K
  class space    used 12559K, committed 12928K, reserved 1048576K
}
Event: 1809.775 GC heap after
{Heap after GC invocations=51 (full 3):
 garbage-first heap   total 108544K, used 44318K [0x0000000703600000, 0x0000000800000000)
  region size 2048K, 1 young (2048K), 1 survivors (2048K)
 Metaspace       used 88624K, committed 89472K, reserved 1179648K
  class space    used 12559K, committed 12928K, reserved 1048576K
}
Event: 2023.346 GC heap before
{Heap before GC invocations=51 (full 3):
 garbage-first heap   total 108544K, used 97566K [0x0000000703600000, 0x0000000800000000)
  region size 2048K, 27 young (55296K), 1 survivors (2048K)
 Metaspace       used 88624K, committed 89472K, reserved 1179648K
  class space    used 12559K, committed 12928K, reserved 1048576K
}
Event: 2023.353 GC heap after
{Heap after GC invocations=52 (full 3):
 garbage-first heap   total 108544K, used 44255K [0x0000000703600000, 0x0000000800000000)
  region size 2048K, 1 young (2048K), 1 survivors (2048K)
 Metaspace       used 88624K, committed 89472K, reserved 1179648K
  class space    used 12559K, committed 12928K, reserved 1048576K
}
Event: 2213.876 GC heap before
{Heap before GC invocations=53 (full 3):
 garbage-first heap   total 108544K, used 97503K [0x0000000703600000, 0x0000000800000000)
  region size 2048K, 27 young (55296K), 1 survivors (2048K)
 Metaspace       used 88772K, committed 89536K, reserved 1179648K
  class space    used 12592K, committed 12928K, reserved 1048576K
}
Event: 2213.883 GC heap after
{Heap after GC invocations=54 (full 3):
 garbage-first heap   total 108544K, used 45011K [0x0000000703600000, 0x0000000800000000)
  region size 2048K, 2 young (4096K), 2 survivors (4096K)
 Metaspace       used 88772K, committed 89536K, reserved 1179648K
  class space    used 12592K, committed 12928K, reserved 1048576K
}
Event: 2410.176 GC heap before
{Heap before GC invocations=54 (full 3):
 garbage-first heap   total 108544K, used 94163K [0x0000000703600000, 0x0000000800000000)
  region size 2048K, 26 young (53248K), 2 survivors (4096K)
 Metaspace       used 88772K, committed 89536K, reserved 1179648K
  class space    used 12592K, committed 12928K, reserved 1048576K
}
Event: 2410.194 GC heap after
{Heap after GC invocations=55 (full 3):
 garbage-first heap   total 108544K, used 43805K [0x0000000703600000, 0x0000000800000000)
  region size 2048K, 2 young (4096K), 2 survivors (4096K)
 Metaspace       used 88772K, committed 89536K, reserved 1179648K
  class space    used 12592K, committed 12928K, reserved 1048576K
}
Event: 2567.588 GC heap before
{Heap before GC invocations=55 (full 3):
 garbage-first heap   total 108544K, used 84765K [0x0000000703600000, 0x0000000800000000)
  region size 2048K, 23 young (47104K), 2 survivors (4096K)
 Metaspace       used 88779K, committed 89536K, reserved 1179648K
  class space    used 12594K, committed 12928K, reserved 1048576K
}
Event: 2567.637 GC heap after
{Heap after GC invocations=56 (full 4):
 garbage-first heap   total 108544K, used 29624K [0x0000000703600000, 0x0000000800000000)
  region size 2048K, 0 young (0K), 0 survivors (0K)
 Metaspace       used 88636K, committed 89536K, reserved 1179648K
  class space    used 12571K, committed 12928K, reserved 1048576K
}
Event: 2568.503 GC heap before
{Heap before GC invocations=56 (full 4):
 garbage-first heap   total 108544K, used 91064K [0x0000000703600000, 0x0000000800000000)
  region size 2048K, 31 young (63488K), 0 survivors (0K)
 Metaspace       used 88943K, committed 89728K, reserved 1179648K
  class space    used 12637K, committed 12992K, reserved 1048576K
}
Event: 2568.511 GC heap after
{Heap after GC invocations=57 (full 4):
 garbage-first heap   total 108544K, used 36262K [0x0000000703600000, 0x0000000800000000)
  region size 2048K, 4 young (8192K), 4 survivors (8192K)
 Metaspace       used 88943K, committed 89728K, reserved 1179648K
  class space    used 12637K, committed 12992K, reserved 1048576K
}

Dll operation events (12 events):
Event: 0.064 Loaded shared library C:\Program Files\Java\jdk-21\bin\java.dll
Event: 0.619 Loaded shared library C:\Program Files\Java\jdk-21\bin\zip.dll
Event: 0.624 Loaded shared library C:\Program Files\Java\jdk-21\bin\instrument.dll
Event: 0.630 Loaded shared library C:\Program Files\Java\jdk-21\bin\net.dll
Event: 0.632 Loaded shared library C:\Program Files\Java\jdk-21\bin\nio.dll
Event: 0.635 Loaded shared library C:\Program Files\Java\jdk-21\bin\zip.dll
Event: 0.798 Loaded shared library C:\Program Files\Java\jdk-21\bin\jimage.dll
Event: 0.871 Loaded shared library C:\Program Files\Java\jdk-21\bin\management.dll
Event: 0.897 Loaded shared library C:\Program Files\Java\jdk-21\bin\management_ext.dll
Event: 1.173 Loaded shared library C:\Program Files\Java\jdk-21\bin\extnet.dll
Event: 1.211 Loaded shared library C:\Program Files\Java\jdk-21\bin\verify.dll
Event: 2.185 Loaded shared library C:\Program Files\Java\jdk-21\bin\sunmscapi.dll

Deoptimization events (20 events):
Event: 2568.657 Thread 0x00000226959470b0 DEOPT PACKING pc=0x0000022644f0e4ec sp=0x000000f4bdef8af0
Event: 2568.657 Thread 0x00000226959470b0 DEOPT UNPACKING pc=0x00000226447c88e2 sp=0x000000f4bdef8028 mode 1
Event: 2568.657 Thread 0x00000226959470b0 DEOPT PACKING pc=0x0000022644f0f4f4 sp=0x000000f4bdef8be0
Event: 2568.657 Thread 0x00000226959470b0 DEOPT UNPACKING pc=0x00000226447c88e2 sp=0x000000f4bdef8190 mode 1
Event: 2568.657 Thread 0x00000226959470b0 DEOPT PACKING pc=0x0000022644f10f2c sp=0x000000f4bdef8d50
Event: 2568.657 Thread 0x00000226959470b0 DEOPT UNPACKING pc=0x00000226447c88e2 sp=0x000000f4bdef8310 mode 1
Event: 2568.658 Thread 0x00000226959470b0 DEOPT PACKING pc=0x0000022644f22db4 sp=0x000000f4bdefa510
Event: 2568.658 Thread 0x00000226959470b0 DEOPT UNPACKING pc=0x00000226447c88e2 sp=0x000000f4bdef9a70 mode 1
Event: 2568.658 Thread 0x00000226959470b0 DEOPT PACKING pc=0x000002264553663c sp=0x000000f4bdefa630
Event: 2568.658 Thread 0x00000226959470b0 DEOPT UNPACKING pc=0x00000226447c88e2 sp=0x000000f4bdef9af8 mode 1
Event: 2568.658 Thread 0x00000226959470b0 DEOPT PACKING pc=0x0000022644f22db4 sp=0x000000f4bdefa500
Event: 2568.658 Thread 0x00000226959470b0 DEOPT UNPACKING pc=0x00000226447c88e2 sp=0x000000f4bdef9a78 mode 1
Event: 2568.660 Thread 0x00000226959470b0 DEOPT PACKING pc=0x0000022644f22db4 sp=0x000000f4bdefc590
Event: 2568.660 Thread 0x00000226959470b0 DEOPT UNPACKING pc=0x00000226447c88e2 sp=0x000000f4bdefbaf0 mode 1
Event: 2568.660 Thread 0x00000226959470b0 DEOPT PACKING pc=0x000002264553663c sp=0x000000f4bdefc6b0
Event: 2568.660 Thread 0x00000226959470b0 DEOPT UNPACKING pc=0x00000226447c88e2 sp=0x000000f4bdefbb78 mode 1
Event: 2568.660 Thread 0x00000226959470b0 DEOPT PACKING pc=0x0000022644f22db4 sp=0x000000f4bdefc580
Event: 2568.660 Thread 0x00000226959470b0 DEOPT UNPACKING pc=0x00000226447c88e2 sp=0x000000f4bdefbaf8 mode 1
Event: 2569.678 Thread 0x00000226959470b0 DEOPT PACKING pc=0x0000022644ab5334 sp=0x000000f4bdefd510
Event: 2569.678 Thread 0x00000226959470b0 DEOPT UNPACKING pc=0x00000226447c88e2 sp=0x000000f4bdefc9c8 mode 0

Classes loaded (20 events):
Event: 1148.972 Loading class java/lang/Configurable
Event: 1148.972 Loading class java/lang/Configurable done
Event: 1148.974 Loading class java/lang/Configurable
Event: 1148.974 Loading class java/lang/Configurable done
Event: 1148.976 Loading class java/lang/Configurable
Event: 1148.976 Loading class java/lang/Configurable done
Event: 1153.308 Loading class java/lang/Configurable
Event: 1153.308 Loading class java/lang/Configurable done
Event: 1153.310 Loading class java/lang/Configurable
Event: 1153.310 Loading class java/lang/Configurable done
Event: 1153.312 Loading class java/lang/Configurable
Event: 1153.312 Loading class java/lang/Configurable done
Event: 2048.684 Loading class java/util/ArrayList$SubList$2
Event: 2048.684 Loading class java/util/ArrayList$SubList$2 done
Event: 2568.170 Loading class java/lang/Configurable
Event: 2568.170 Loading class java/lang/Configurable done
Event: 2568.171 Loading class java/lang/Configurable
Event: 2568.171 Loading class java/lang/Configurable done
Event: 2568.174 Loading class java/lang/Configurable
Event: 2568.174 Loading class java/lang/Configurable done

Classes unloaded (20 events):
Event: 2567.602 Thread 0x000002264f0d6680 Unloading class 0x0000022651ae4000 'java/lang/invoke/LambdaForm$MH+0x0000022651ae4000'
Event: 2567.602 Thread 0x000002264f0d6680 Unloading class 0x0000022651ad2c00 'java/lang/invoke/LambdaForm$MH+0x0000022651ad2c00'
Event: 2567.602 Thread 0x000002264f0d6680 Unloading class 0x0000022651c80800 'jdk/internal/reflect/GeneratedSerializationConstructorAccessor40'
Event: 2567.602 Thread 0x000002264f0d6680 Unloading class 0x0000022651c85400 'jdk/internal/reflect/GeneratedSerializationConstructorAccessor39'
Event: 2567.602 Thread 0x000002264f0d6680 Unloading class 0x0000022651c9cc00 'jdk/internal/reflect/GeneratedSerializationConstructorAccessor38'
Event: 2567.602 Thread 0x000002264f0d6680 Unloading class 0x0000022651ca8c00 'jdk/internal/reflect/GeneratedSerializationConstructorAccessor37'
Event: 2567.602 Thread 0x000002264f0d6680 Unloading class 0x0000022651ca8800 'jdk/internal/reflect/GeneratedSerializationConstructorAccessor36'
Event: 2567.602 Thread 0x000002264f0d6680 Unloading class 0x0000022651ca8400 'jdk/internal/reflect/GeneratedSerializationConstructorAccessor35'
Event: 2567.602 Thread 0x000002264f0d6680 Unloading class 0x0000022651c88400 'jdk/internal/reflect/GeneratedSerializationConstructorAccessor34'
Event: 2567.602 Thread 0x000002264f0d6680 Unloading class 0x0000022651c9c348 'org/apache/catalina/loader/JdbcLeakPrevention'
Event: 2567.602 Thread 0x000002264f0d6680 Unloading class 0x0000022651c9c000 'jdk/proxy15/$Proxy202'
Event: 2567.602 Thread 0x000002264f0d6680 Unloading class 0x0000022651c88b48 'org/apache/catalina/loader/JdbcLeakPrevention'
Event: 2567.602 Thread 0x000002264f0d6680 Unloading class 0x0000022651c88800 'jdk/proxy13/$Proxy194'
Event: 2567.602 Thread 0x000002264f0d6680 Unloading class 0x00000226511ac348 'org/apache/catalina/loader/JdbcLeakPrevention'
Event: 2567.602 Thread 0x000002264f0d6680 Unloading class 0x00000226511ac000 'jdk/proxy11/$Proxy186'
Event: 2567.602 Thread 0x000002264f0d6680 Unloading class 0x0000022651484c00 'java/lang/invoke/LambdaForm$MH+0x0000022651484c00'
Event: 2567.602 Thread 0x000002264f0d6680 Unloading class 0x00000226514e4800 'java/lang/invoke/LambdaForm$DMH+0x00000226514e4800'
Event: 2567.602 Thread 0x000002264f0d6680 Unloading class 0x0000022651ac0000 'java/lang/invoke/LambdaForm$MH+0x0000022651ac0000'
Event: 2567.602 Thread 0x000002264f0d6680 Unloading class 0x0000022651ad2000 'java/lang/invoke/LambdaForm$MH+0x0000022651ad2000'
Event: 2568.567 Thread 0x000002264f0d6680 Unloading class 0x0000022651c80000 'jdk/internal/reflect/GeneratedSerializationConstructorAccessor41'

Classes redefined (20 events):
Event: 501.735 Thread 0x000002264f0d6680 redefined class name=com.gld.serviceImpl.TransactionServiceImpl, count=2
Event: 501.735 Thread 0x000002264f0d6680 redefined class name=com.gld.serviceImpl.TransactionServiceImpl, count=1
Event: 1139.465 Thread 0x000002264f0d6680 redefined class name=com.gld.controller.TransactionController, count=1
Event: 1139.465 Thread 0x000002264f0d6680 redefined class name=com.gld.controller.TransactionController, count=1
Event: 1139.465 Thread 0x000002264f0d6680 redefined class name=com.gld.controller.TransactionController, count=1
Event: 1142.855 Thread 0x000002264f0d6680 redefined class name=com.gld.controller.TransactionController, count=2
Event: 1142.855 Thread 0x000002264f0d6680 redefined class name=com.gld.controller.TransactionController, count=2
Event: 1142.855 Thread 0x000002264f0d6680 redefined class name=com.gld.controller.TransactionController, count=2
Event: 1142.855 Thread 0x000002264f0d6680 redefined class name=com.gld.controller.TransactionController, count=1
Event: 1147.105 Thread 0x000002264f0d6680 redefined class name=com.gld.controller.TransactionController, count=3
Event: 1147.105 Thread 0x000002264f0d6680 redefined class name=com.gld.controller.TransactionController, count=3
Event: 1147.105 Thread 0x000002264f0d6680 redefined class name=com.gld.controller.TransactionController, count=3
Event: 1147.105 Thread 0x000002264f0d6680 redefined class name=com.gld.controller.TransactionController, count=1
Event: 1147.105 Thread 0x000002264f0d6680 redefined class name=com.gld.controller.TransactionController, count=2
Event: 1151.416 Thread 0x000002264f0d6680 redefined class name=com.gld.controller.TransactionController, count=4
Event: 1151.416 Thread 0x000002264f0d6680 redefined class name=com.gld.controller.TransactionController, count=4
Event: 1151.416 Thread 0x000002264f0d6680 redefined class name=com.gld.controller.TransactionController, count=4
Event: 1151.416 Thread 0x000002264f0d6680 redefined class name=com.gld.controller.TransactionController, count=1
Event: 1151.416 Thread 0x000002264f0d6680 redefined class name=com.gld.controller.TransactionController, count=2
Event: 1151.416 Thread 0x000002264f0d6680 redefined class name=com.gld.controller.TransactionController, count=3

Internal exceptions (20 events):
Event: 2568.153 Thread 0x00000226959470b0 Exception <a 'java/lang/NoClassDefFoundError'{0x0000000707d0e440}: org/springframework/batch/core/repository/JobRepository> (0x0000000707d0e440) 
thrown [s\open\src\hotspot\share\oops\constantPool.cpp, line 871]
Event: 2568.153 Thread 0x00000226959470b0 Exception <a 'java/lang/NoClassDefFoundError'{0x0000000707d0ea98}: org/quartz/Scheduler> (0x0000000707d0ea98) 
thrown [s\open\src\hotspot\share\oops\constantPool.cpp, line 871]
Event: 2568.154 Thread 0x00000226959470b0 Exception <a 'java/lang/NoClassDefFoundError'{0x0000000707d0f118}: org/springframework/session/jdbc/JdbcIndexedSessionRepository> (0x0000000707d0f118) 
thrown [s\open\src\hotspot\share\oops\constantPool.cpp, line 871]
Event: 2568.160 Thread 0x00000226959470b0 Exception <a 'java/lang/NoSuchMethodError'{0x0000000707dbb9d8}: 'void java.lang.invoke.DelegatingMethodHandle$Holder.reinvoke_L(java.lang.Object, java.lang.Object, int)'> (0x0000000707dbb9d8) 
thrown [s\open\src\hotspot\share\interpreter\linkResolver.cpp, line 773]
Event: 2568.168 Thread 0x00000226959470b0 Exception <a 'java/lang/ArrayIndexOutOfBoundsException'{0x0000000707a9abd8}: Index 16 out of bounds for length 16> (0x0000000707a9abd8) 
thrown [s\open\src\hotspot\share\interpreter\interpreterRuntime.cpp, line 439]
Event: 2568.168 Thread 0x00000226959470b0 Exception <a 'java/lang/ArrayIndexOutOfBoundsException'{0x0000000707a9b460}: Index 16 out of bounds for length 16> (0x0000000707a9b460) 
thrown [s\open\src\hotspot\share\interpreter\interpreterRuntime.cpp, line 439]
Event: 2568.169 Thread 0x00000226959470b0 Exception <a 'java/lang/ArrayIndexOutOfBoundsException'{0x0000000707aa6398}> (0x0000000707aa6398) 
thrown [s\open\src\hotspot\share\runtime\sharedRuntime.cpp, line 625]
Event: 2568.169 Thread 0x00000226959470b0 Exception <a 'java/lang/ArrayIndexOutOfBoundsException'{0x0000000707aa6c20}> (0x0000000707aa6c20) 
thrown [s\open\src\hotspot\share\runtime\sharedRuntime.cpp, line 625]
Event: 2568.171 Thread 0x00000226959470b0 Exception <a 'java/lang/ArrayIndexOutOfBoundsException'{0x0000000707ab91d8}> (0x0000000707ab91d8) 
thrown [s\open\src\hotspot\share\runtime\sharedRuntime.cpp, line 625]
Event: 2568.171 Thread 0x00000226959470b0 Exception <a 'java/lang/ArrayIndexOutOfBoundsException'{0x0000000707ab9a60}> (0x0000000707ab9a60) 
thrown [s\open\src\hotspot\share\runtime\sharedRuntime.cpp, line 625]
Event: 2568.171 Thread 0x00000226959470b0 Exception <a 'java/lang/ArrayIndexOutOfBoundsException'{0x0000000707ac0f10}> (0x0000000707ac0f10) 
thrown [s\open\src\hotspot\share\runtime\sharedRuntime.cpp, line 625]
Event: 2568.171 Thread 0x00000226959470b0 Exception <a 'java/lang/ArrayIndexOutOfBoundsException'{0x0000000707ac1798}> (0x0000000707ac1798) 
thrown [s\open\src\hotspot\share\runtime\sharedRuntime.cpp, line 625]
Event: 2568.172 Thread 0x00000226959470b0 Exception <a 'java/lang/ArrayIndexOutOfBoundsException'{0x0000000707ad3688}> (0x0000000707ad3688) 
thrown [s\open\src\hotspot\share\runtime\sharedRuntime.cpp, line 625]
Event: 2568.172 Thread 0x00000226959470b0 Exception <a 'java/lang/ArrayIndexOutOfBoundsException'{0x0000000707ad3f10}> (0x0000000707ad3f10) 
thrown [s\open\src\hotspot\share\runtime\sharedRuntime.cpp, line 625]
Event: 2568.173 Thread 0x00000226959470b0 Exception <a 'java/lang/ArrayIndexOutOfBoundsException'{0x0000000707adb3e8}> (0x0000000707adb3e8) 
thrown [s\open\src\hotspot\share\runtime\sharedRuntime.cpp, line 625]
Event: 2568.173 Thread 0x00000226959470b0 Exception <a 'java/lang/ArrayIndexOutOfBoundsException'{0x0000000707adbc70}> (0x0000000707adbc70) 
thrown [s\open\src\hotspot\share\runtime\sharedRuntime.cpp, line 625]
Event: 2568.218 Thread 0x00000226959470b0 Exception <a 'java/lang/NoSuchMethodError'{0x0000000707280658}: 'int java.lang.invoke.DirectMethodHandle$Holder.invokeVirtual(java.lang.Object, java.lang.Object, java.lang.Object, java.lang.Object)'> (0x0000000707280658) 
thrown [s\open\src\hotspot\share\interpreter\linkResolver.cpp, line 773]
Event: 2568.218 Thread 0x00000226959470b0 Exception <a 'java/lang/NoSuchMethodError'{0x0000000707283c20}: 'int java.lang.invoke.DelegatingMethodHandle$Holder.reinvoke_L(java.lang.Object, java.lang.Object, java.lang.Object, java.lang.Object)'> (0x0000000707283c20) 
thrown [s\open\src\hotspot\share\interpreter\linkResolver.cpp, line 773]
Event: 2568.222 Thread 0x00000226959470b0 Exception <a 'java/io/FileNotFoundException'{0x00000007072ccb00}> (0x00000007072ccb00) 
thrown [s\open\src\hotspot\share\prims\jni.cpp, line 520]
Event: 2568.629 Thread 0x00000226959470b0 Exception <a 'java/io/FileNotFoundException'{0x000000070bbe6470}> (0x000000070bbe6470) 
thrown [s\open\src\hotspot\share\prims\jni.cpp, line 520]

ZGC Phase Switch (0 events):
No events

VM Operations (20 events):
Event: 2570.246 Executing VM operation: get/set locals
Event: 2570.246 Executing VM operation: get/set locals done
Event: 2570.247 Executing VM operation: get/set locals
Event: 2570.248 Executing VM operation: get/set locals done
Event: 2570.253 Executing VM operation: get/set locals
Event: 2570.253 Executing VM operation: get/set locals done
Event: 2570.257 Executing VM operation: get/set locals
Event: 2570.257 Executing VM operation: get/set locals done
Event: 2570.262 Executing VM operation: get/set locals
Event: 2570.262 Executing VM operation: get/set locals done
Event: 2570.264 Executing VM operation: get/set locals
Event: 2570.264 Executing VM operation: get/set locals done
Event: 2570.268 Executing VM operation: get/set locals
Event: 2570.268 Executing VM operation: get/set locals done
Event: 2570.272 Executing VM operation: get/set locals
Event: 2570.273 Executing VM operation: get/set locals done
Event: 2570.280 Executing VM operation: get/set locals
Event: 2570.280 Executing VM operation: get/set locals done
Event: 2570.285 Executing VM operation: get/set locals
Event: 2570.285 Executing VM operation: get/set locals done

Events (20 events):
Event: 2567.620 Thread 0x000002264f0d6680 flushing nmethod 0x00000226448b4710
Event: 2567.620 Thread 0x000002264f0d6680 flushing nmethod 0x00000226448a6f10
Event: 2567.620 Thread 0x000002264f0d6680 flushing nmethod 0x00000226448b1310
Event: 2567.620 Thread 0x000002264f0d6680 flushing nmethod 0x00000226448a4e90
Event: 2567.637 Thread 0x0000022695947740 Thread added: 0x0000022695947740
Event: 2567.640 Thread 0x00000226959470b0 Thread added: 0x00000226959470b0
Event: 2567.640 Thread 0x0000022695947740 Thread exited: 0x0000022695947740
Event: 2567.645 Thread 0x00000226985f1ad0 Thread exited: 0x00000226985f1ad0
Event: 2567.646 Thread 0x00000226985efa00 Thread exited: 0x00000226985efa00
Event: 2567.660 Thread 0x000002269540aa10 Thread added: 0x000002269540aa10
Event: 2567.660 Thread 0x00000226982e8430 Thread added: 0x00000226982e8430
Event: 2567.748 Thread 0x0000022695948af0 Thread added: 0x0000022695948af0
Event: 2567.778 Thread 0x0000022695948af0 Thread exited: 0x0000022695948af0
Event: 2568.322 Thread 0x0000022695947740 Thread added: 0x0000022695947740
Event: 2568.439 Thread 0x000002269594a530 Thread added: 0x000002269594a530
Event: 2568.629 Thread 0x0000022695949180 Thread added: 0x0000022695949180
Event: 2568.630 Thread 0x0000022695948af0 Thread added: 0x0000022695948af0
Event: 2568.630 Thread 0x0000022695949810 Thread added: 0x0000022695949810
Event: 2573.892 Thread 0x00000226982e8430 Thread exited: 0x00000226982e8430
Event: 2573.922 Thread 0x000002269594a530 Thread exited: 0x000002269594a530


Dynamic libraries:
0x00007ff7cda60000 - 0x00007ff7cda70000 	C:\Program Files\Java\jdk-21\bin\javaw.exe
0x00007fffd60c0000 - 0x00007fffd6329000 	C:\WINDOWS\SYSTEM32\ntdll.dll
0x00007fffd49a0000 - 0x00007fffd4a69000 	C:\WINDOWS\System32\KERNEL32.DLL
0x00007fffd3650000 - 0x00007fffd3a43000 	C:\WINDOWS\System32\KERNELBASE.dll
0x00007fffd3a50000 - 0x00007fffd3b9b000 	C:\WINDOWS\System32\ucrtbase.dll
0x00007fffbe0d0000 - 0x00007fffbe0e9000 	C:\Program Files\Java\jdk-21\bin\jli.dll
0x00007fffd51d0000 - 0x00007fffd5284000 	C:\WINDOWS\System32\ADVAPI32.dll
0x00007fffd5fd0000 - 0x00007fffd6079000 	C:\WINDOWS\System32\msvcrt.dll
0x00007fffd4760000 - 0x00007fffd4806000 	C:\WINDOWS\System32\sechost.dll
0x00007fffd4880000 - 0x00007fffd4998000 	C:\WINDOWS\System32\RPCRT4.dll
0x00007fffd4ce0000 - 0x00007fffd4ea4000 	C:\WINDOWS\System32\USER32.dll
0x00007fffd3250000 - 0x00007fffd3277000 	C:\WINDOWS\System32\win32u.dll
0x00007fffd5fa0000 - 0x00007fffd5fcb000 	C:\WINDOWS\System32\GDI32.dll
0x00007fffd3320000 - 0x00007fffd344d000 	C:\WINDOWS\System32\gdi32full.dll
0x00007fffd35a0000 - 0x00007fffd3643000 	C:\WINDOWS\System32\msvcp_win.dll
0x00007fffbcc50000 - 0x00007fffbcc6b000 	C:\Program Files\Java\jdk-21\bin\VCRUNTIME140.dll
0x00007fffbee50000 - 0x00007fffbf0e3000 	C:\WINDOWS\WinSxS\amd64_microsoft.windows.common-controls_6595b64144ccf1df_6.0.26100.5074_none_3e0d6f78e32fd63f\COMCTL32.dll
0x00007fffc4fa0000 - 0x00007fffc4fab000 	C:\WINDOWS\SYSTEM32\VERSION.dll
0x00007fffd5d80000 - 0x00007fffd5daf000 	C:\WINDOWS\System32\IMM32.DLL
0x00007fffcf9a0000 - 0x00007fffcf9ac000 	C:\Program Files\Java\jdk-21\bin\vcruntime140_1.dll
0x00007fffbb310000 - 0x00007fffbb39e000 	C:\Program Files\Java\jdk-21\bin\msvcp140.dll
0x00007fff45510000 - 0x00007fff46227000 	C:\Program Files\Java\jdk-21\bin\server\jvm.dll
0x00007fffd5820000 - 0x00007fffd5894000 	C:\WINDOWS\System32\WS2_32.dll
0x00007fffd30b0000 - 0x00007fffd310e000 	C:\WINDOWS\SYSTEM32\POWRPROF.dll
0x00007fffcaf40000 - 0x00007fffcaf75000 	C:\WINDOWS\SYSTEM32\WINMM.dll
0x00007fffd3090000 - 0x00007fffd30a4000 	C:\WINDOWS\SYSTEM32\UMPDC.dll
0x00007fffd1ff0000 - 0x00007fffd200b000 	C:\WINDOWS\SYSTEM32\kernel.appcore.dll
0x00007fffbe0c0000 - 0x00007fffbe0ca000 	C:\Program Files\Java\jdk-21\bin\jimage.dll
0x00007fffd0860000 - 0x00007fffd0aa2000 	C:\WINDOWS\SYSTEM32\DBGHELP.DLL
0x00007fffd5990000 - 0x00007fffd5d0b000 	C:\WINDOWS\System32\combase.dll
0x00007fffd5dc0000 - 0x00007fffd5e97000 	C:\WINDOWS\System32\OLEAUT32.dll
0x00007fffb0140000 - 0x00007fffb017d000 	C:\WINDOWS\SYSTEM32\dbgcore.DLL
0x00007fffd3280000 - 0x00007fffd3319000 	C:\WINDOWS\System32\bcryptPrimitives.dll
0x00007fffbb3d0000 - 0x00007fffbb40c000 	C:\Program Files\Java\jdk-21\bin\jdwp.dll
0x00007fffbd490000 - 0x00007fffbd49f000 	C:\Program Files\Java\jdk-21\bin\instrument.dll
0x00007fffbcc30000 - 0x00007fffbcc4f000 	C:\Program Files\Java\jdk-21\bin\java.dll
0x00007fffd4010000 - 0x00007fffd475d000 	C:\WINDOWS\System32\SHELL32.dll
0x00007fffd3d20000 - 0x00007fffd3e8c000 	C:\WINDOWS\System32\wintypes.dll
0x00007fffd0db0000 - 0x00007fffd1609000 	C:\WINDOWS\SYSTEM32\windows.storage.dll
0x00007fffd5050000 - 0x00007fffd5140000 	C:\WINDOWS\System32\SHCORE.dll
0x00007fffd5d10000 - 0x00007fffd5d72000 	C:\WINDOWS\System32\shlwapi.dll
0x00007fffd3170000 - 0x00007fffd3199000 	C:\WINDOWS\SYSTEM32\profapi.dll
0x00007fffbccd0000 - 0x00007fffbccdc000 	C:\Program Files\Java\jdk-21\bin\dt_socket.dll
0x00007fffd17e0000 - 0x00007fffd1814000 	C:\WINDOWS\SYSTEM32\IPHLPAPI.DLL
0x00007fffd2550000 - 0x00007fffd25bb000 	C:\WINDOWS\system32\mswsock.dll
0x00007fffd1820000 - 0x00007fffd1946000 	C:\WINDOWS\SYSTEM32\DNSAPI.dll
0x00007fffd5980000 - 0x00007fffd598a000 	C:\WINDOWS\System32\NSI.dll
0x00007fffc5150000 - 0x00007fffc515b000 	C:\Windows\System32\rasadhlp.dll
0x00007fffcd6f0000 - 0x00007fffcd776000 	C:\WINDOWS\System32\fwpuclnt.dll
0x00007fffbcbc0000 - 0x00007fffbcbd8000 	C:\Program Files\Java\jdk-21\bin\zip.dll
0x00007fffbcbb0000 - 0x00007fffbcbc0000 	C:\Program Files\Java\jdk-21\bin\net.dll
0x00007fffcd2c0000 - 0x00007fffcd3df000 	C:\WINDOWS\SYSTEM32\WINHTTP.dll
0x00007fffbc1d0000 - 0x00007fffbc1e6000 	C:\Program Files\Java\jdk-21\bin\nio.dll
0x00007fffbc1c0000 - 0x00007fffbc1ca000 	C:\Program Files\Java\jdk-21\bin\management.dll
0x00007fffbc120000 - 0x00007fffbc12b000 	C:\Program Files\Java\jdk-21\bin\management_ext.dll
0x00007fffd4810000 - 0x00007fffd4818000 	C:\WINDOWS\System32\PSAPI.DLL
0x00007fff9e380000 - 0x00007fff9e398000 	C:\WINDOWS\system32\napinsp.dll
0x00007fff9e160000 - 0x00007fff9e172000 	C:\WINDOWS\System32\winrnr.dll
0x00007fff9e130000 - 0x00007fff9e158000 	C:\WINDOWS\system32\nlansp_c.dll
0x00007fff9e110000 - 0x00007fff9e126000 	C:\WINDOWS\system32\wshbth.dll
0x00007fffd2920000 - 0x00007fffd293b000 	C:\WINDOWS\SYSTEM32\CRYPTSP.dll
0x00007fffd1f50000 - 0x00007fffd1f8b000 	C:\WINDOWS\system32\rsaenh.dll
0x00007fffd25f0000 - 0x00007fffd261b000 	C:\WINDOWS\SYSTEM32\USERENV.dll
0x00007fffd3140000 - 0x00007fffd3166000 	C:\WINDOWS\SYSTEM32\bcrypt.dll
0x00007fffd2900000 - 0x00007fffd290c000 	C:\WINDOWS\SYSTEM32\CRYPTBASE.dll
0x00007fffbc110000 - 0x00007fffbc119000 	C:\Program Files\Java\jdk-21\bin\extnet.dll
0x00007fffbbf40000 - 0x00007fffbbf50000 	C:\Program Files\Java\jdk-21\bin\verify.dll
0x00007fffbbe70000 - 0x00007fffbbe7e000 	C:\Program Files\Java\jdk-21\bin\sunmscapi.dll
0x00007fffd3ba0000 - 0x00007fffd3d17000 	C:\WINDOWS\System32\CRYPT32.dll
0x00007fffd2a70000 - 0x00007fffd2aa0000 	C:\WINDOWS\SYSTEM32\ncrypt.dll
0x00007fffd2a20000 - 0x00007fffd2a5f000 	C:\WINDOWS\SYSTEM32\NTASN1.dll
0x00007fffbdf10000 - 0x00007fffbdf18000 	C:\WINDOWS\system32\wshunix.dll

dbghelp: loaded successfully - version: 4.0.5 - missing functions: none
symbol engine: initialized successfully - sym options: 0x614 - pdb path: .;C:\Program Files\Java\jdk-21\bin;C:\WINDOWS\SYSTEM32;C:\WINDOWS\WinSxS\amd64_microsoft.windows.common-controls_6595b64144ccf1df_6.0.26100.5074_none_3e0d6f78e32fd63f;C:\Program Files\Java\jdk-21\bin\server

VM Arguments:
jvm_args: -XX:+ShowCodeDetailsInExceptionMessages -agentlib:jdwp=transport=dt_socket,suspend=y,address=localhost:64069 -Dcom.sun.management.jmxremote -Dcom.sun.management.jmxremote.port=64068 -Dcom.sun.management.jmxremote.authenticate=false -Dcom.sun.management.jmxremote.ssl=false -Djava.rmi.server.hostname=localhost -Dspring.jmx.enabled=true -Dmanagement.endpoints.jmx.exposure.include=* -Dspring.application.admin.enabled=true -Dspring.output.ansi.enabled=always -XX:TieredStopAtLevel=1 -Dspring.boot.project.name=GoldenChemicals -javaagent:C:\Users\Tamilmani.R\eclipse\jee-2025-06\eclipse\configuration\org.eclipse.osgi\442\0\.cp\lib\javaagent-shaded.jar -Dfile.encoding=UTF-8 -Dstdout.encoding=UTF-8 -Dstderr.encoding=UTF-8 
java_command: com.gld.GoldenChemicalsApplication
java_class_path (initial): C:\Users\Tamilmani.R\Desktop\WorkSpace\Work Space\STS WorkSpace\GoldenChemicals\target\classes;C:\Users\Tamilmani.R\.m2\repository\org\springframework\boot\spring-boot-starter-data-jpa\3.5.6\spring-boot-starter-data-jpa-3.5.6.jar;C:\Users\Tamilmani.R\.m2\repository\org\springframework\boot\spring-boot-starter\3.5.6\spring-boot-starter-3.5.6.jar;C:\Users\Tamilmani.R\.m2\repository\org\springframework\boot\spring-boot-starter-logging\3.5.6\spring-boot-starter-logging-3.5.6.jar;C:\Users\Tamilmani.R\.m2\repository\ch\qos\logback\logback-classic\1.5.18\logback-classic-1.5.18.jar;C:\Users\Tamilmani.R\.m2\repository\ch\qos\logback\logback-core\1.5.18\logback-core-1.5.18.jar;C:\Users\Tamilmani.R\.m2\repository\org\apache\logging\log4j\log4j-to-slf4j\2.24.3\log4j-to-slf4j-2.24.3.jar;C:\Users\Tamilmani.R\.m2\repository\org\apache\logging\log4j\log4j-api\2.24.3\log4j-api-2.24.3.jar;C:\Users\Tamilmani.R\.m2\repository\org\slf4j\jul-to-slf4j\2.0.17\jul-to-slf4j-2.0.17.jar;C:\Users\Tamilmani.R\.m2\repository\jakarta\annotation\jakarta.annotation-api\2.1.1\jakarta.annotation-api-2.1.1.jar;C:\Users\Tamilmani.R\.m2\repository\org\yaml\snakeyaml\2.4\snakeyaml-2.4.jar;C:\Users\Tamilmani.R\.m2\repository\org\springframework\boot\spring-boot-starter-jdbc\3.5.6\spring-boot-starter-jdbc-3.5.6.jar;C:\Users\Tamilmani.R\.m2\repository\com\zaxxer\HikariCP\6.3.3\HikariCP-6.3.3.jar;C:\Users\Tamilmani.R\.m2\repository\org\springframework\spring-jdbc\6.2.11\spring-jdbc-6.2.11.jar;C:\Users\Tamilmani.R\.m2\repository\org\hibernate\orm\hibernate-core\6.6.29.Final\hibernate-core-6.6.29.Final.jar;C:\Users\Tamilmani.R\.m2\repository\jakarta\persistence\jakarta.persistence-api\3.1.0\jakarta.persistence-api-3.1.0.jar;C:\Users\Tamilmani.R\.m2\repository\jakarta\transaction\jakarta.transaction-api\2.0.1\jakarta.transaction-api-2.0.1.jar;C:\Users\Tamilmani.R\.m2\repository\org\jboss\logging\jboss-logging\3.6.1.Final\jboss-logging-3.6.1.Final.jar;C:\Users\Tamilmani.R\.m2\repository\org\hibernate\common\hibernate-commons-annotations\7.0.3.Final\hibernate-commons-annotations-7.0.3.Final.jar;C:\Users\Tamilmani.R\.m2\repository\io\smallrye\jandex\3.2.0\jandex-3.2.0.jar;C:\Users\Tamilmani.R\.m2\repository\com\fasterxml\classmate\1.7.0\classmate-1.7.0.jar;C:\Users\Tamilmani.R\.m2\repository\net\bytebuddy\byte-buddy\1.17.7\byte-buddy-1.17.7.jar;C:\Users\Tamilmani.R\.m2\repository\org\glassfish\jaxb\jaxb-runtime\4.0.5\jaxb-runtime-4.0.5.jar;C:\Users\Tamilmani.R\.m2\repository\org\glassfish\jaxb\jaxb-core\4.0.5\jaxb-core-4.0.5.jar;C:\Users\Tamilmani.R\.m2\repository\org\eclipse\angus\angus-activation\2.0.2\angus-activation-2.0.2.jar;C:\Users\Tamilmani.R\.m2\repository\org\glassfish\jaxb\txw2\4.0.5\txw2-4.0.5.jar;C:\Users\Tamilmani.R\.m2\repository\com\sun\istack\istack-commons-runtime\4.1.2\istack-commons-runtime-4.1.2.jar;C:\Users\Tamilmani.R\.m2\repository\jakarta\inject\jakarta.inject-api\2.0.1\jakarta.inject-api-2.0.1.jar;C:\Users\Tamilmani.R\.m2\repository\org\antlr\antlr4-runtime\4.13.0\antlr4-runtime-4.13.0.jar;C:\Users\Tamilmani.R\.m2\repository\org\springframework\data\spring-data-jpa\3.5.4\spring-data-jpa-3.5.4.jar;C:\Users\Tamilmani.R\.m2\repository\org\springframework\data\spring-data-commons\3.5.4\spring-data-commons-3.5.4.jar;C:\Users\Tamilmani.R\.m2\repository\org\springframework\spring-orm\6.2.11\spring-orm-6.2.11.jar;C:\Users\Tamilmani.R\.m2\repository\org\springframework\spring-context\6.2.11\spring-context-6.2.11.jar;C:\Users\Tamilmani.R\.m2\repository\org\springframework\spring-tx\6.2.11\spring-tx-6.2.11.jar;C:\Users\Tamilmani.R\.m2\repository\org\springframework\spring-beans\6.2.11\spring-beans-6.2.11.jar;C:\Users\Tamilmani.R\.m2\repository\org\slf4j\slf4j-api\2.0.17\slf4j-api-2.0.17.jar;C:\Users\Tamilmani.R\.m2\repository\org\springframework\spring-aspects\6.2.11\spring-aspects-6.2.11.jar;C:\Users\Tamilmani.R\.m2\repository\org\aspectj\aspectjweaver\1.9.24\aspectjweaver-1.9.24.jar;C:\Users\Tamilmani.R\.m2\repository\org\springframework\boot\spring-boot-starter-web\3.5.6\spring-boot-starter-web-3.5.6.jar;C:\Users\Tamilmani.R\.m2\repository\org\springframework\boot\spring-boot-starter-json\3.5.6\spring-boot-starter-json-3.5.6.jar;C:\Users\Tamilmani.R\.m2\repository\com\fasterxml\jackson\datatype\jackson-datatype-jdk8\2.19.2\jackson-datatype-jdk8-2.19.2.jar;C:\Users\Tamilmani.R\.m2\repository\com\fasterxml\jackson\datatype\jackson-datatype-jsr310\2.19.2\jackson-datatype-jsr310-2.19.2.jar;C:\Users\Tamilmani.R\.m2\repository\com\fasterxml\jackson\module\jackson-module-parameter-names\2.19.2\jackson-module-parameter-names-2.19.2.jar;C:\Users\Tamilmani.R\.m2\repository\org\springframework\boot\spring-boot-starter-tomcat\3.5.6\spring-boot-starter-tomcat-3.5.6.jar;C:\Users\Tamilmani.R\.m2\repository\org\apache\tomcat\embed\tomcat-embed-core\10.1.46\tomcat-embed-core-10.1.46.jar;C:\Users\Tamilmani.R\.m2\repository\org\apache\tomcat\embed\tomcat-embed-el\10.1.46\tomcat-embed-el-10.1.46.jar;C:\Users\Tamilmani.R\.m2\repository\org\apache\tomcat\embed\tomcat-embed-websocket\10.1.46\tomcat-embed-websocket-10.1.46.jar;C:\Users\Tamilmani.R\.m2\repository\org\springframework\spring-web\6.2.11\spring-web-6.2.11.jar;C:\Users\Tamilmani.R\.m2\repository\io\micrometer\micrometer-observation\1.15.4\micrometer-observation-1.15.4.jar;C:\Users\Tamilmani.R\.m2\repository\io\micrometer\micrometer-commons\1.15.4\micrometer-commons-1.15.4.jar;C:\Users\Tamilmani.R\.m2\repository\org\springframework\spring-webmvc\6.2.11\spring-webmvc-6.2.11.jar;C:\Users\Tamilmani.R\.m2\repository\org\springframework\spring-expression\6.2.11\spring-expression-6.2.11.jar;C:\Users\Tamilmani.R\.m2\repository\org\springframework\boot\spring-boot-starter-security\3.5.6\spring-boot-starter-security-3.5.6.jar;C:\Users\Tamilmani.R\.m2\repository\org\springframework\spring-aop\6.2.11\spring-aop-6.2.11.jar;C:\Users\Tamilmani.R\.m2\repository\org\springframework\security\spring-security-config\6.5.5\spring-security-config-6.5.5.jar;C:\Users\Tamilmani.R\.m2\repository\org\springframework\security\spring-security-core\6.5.5\spring-security-core-6.5.5.jar;C:\Users\Tamilmani.R\.m2\repository\org\springframework\security\spring-security-crypto\6.5.5\spring-security-crypto-6.5.5.jar;C:\Users\Tamilmani.R\.m2\repository\org\springframework\security\spring-security-web\6.5.5\spring-security-web-6.5.5.jar;C:\Users\Tamilmani.R\.m2\repository\io\jsonwebtoken\jjwt-api\0.11.5\jjwt-api-0.11.5.jar;C:\Users\Tamilmani.R\.m2\repository\io\jsonwebtoken\jjwt-impl\0.11.5\jjwt-impl-0.11.5.jar;C:\Users\Tamilmani.R\.m2\repository\io\jsonwebtoken\jjwt-jackson\0.11.5\jjwt-jackson-0.11.5.jar;C:\Users\Tamilmani.R\.m2\repository\com\fasterxml\jackson\core\jackson-databind\2.19.2\jackson-databind-2.19.2.jar;C:\Users\Tamilmani.R\.m2\repository\com\fasterxml\jackson\core\jackson-annotations\2.19.2\jackson-annotations-2.19.2.jar;C:\Users\Tamilmani.R\.m2\repository\com\fasterxml\jackson\core\jackson-core\2.19.2\jackson-core-2.19.2.jar;C:\Users\Tamilmani.R\.m2\repository\org\springframework\boot\spring-boot-devtools\3.5.6\spring-boot-devtools-3.5.6.jar;C:\Users\Tamilmani.R\.m2\repository\org\springframework\boot\spring-boot\3.5.6\spring-boot-3.5.6.jar;C:\Users\Tamilmani.R\.m2\repository\org\springframework\boot\spring-boot-autoconfigure\3.5.6\spring-boot-autoconfigure-3.5.6.jar;C:\Users\Tamilmani.R\.m2\repository\com\mysql\mysql-connector-j\9.4.0\mysql-connector-j-9.4.0.jar;C:\Users\Tamilmani.R\.m2\repository\org\projectlombok\lombok\1.18.40\lombok-1.18.40.jar;C:\Users\Tamilmani.R\.m2\repository\jakarta\xml\bind\jakarta.xml.bind-api\4.0.2\jakarta.xml.bind-api-4.0.2.jar;C:\Users\Tamilmani.R\.m2\repository\jakarta\activation\jakarta.activation-api\2.1.4\jakarta.activation-api-2.1.4.jar;C:\Users\Tamilmani.R\.m2\repository\org\springframework\spring-core\6.2.11\spring-core-6.2.11.jar;C:\Users\Tamilmani.R\.m2\repository\org\springframework\spring-jcl\6.2.11\spring-jcl-6.2.11.jar;C:\Users\Tamilmani.R\.m2\repository\org\mapstruct\mapstruct\1.5.5.Final\mapstruct-1.5.5.Final.jar;C:\Users\Tamilmani.R\.m2\repository\org\mapstruct\mapstruct-processor\1.5.5.Final\mapstruct-processor-1.5.5.Final.jar;C:\Users\Tamilmani.R\.m2\repository\org\springframework\boot\spring-boot-starter-cache\3.5.6\spring-boot-starter-cache-3.5.6.jar;C:\Users\Tamilmani.R\.m2\repository\org\springframework\spring-context-support\6.2.11\spring-context-support-6.2.11.jar
Launcher Type: SUN_STANDARD

[Global flags]
     intx CICompilerCount                          = 3                                         {product} {ergonomic}
     uint ConcGCThreads                            = 1                                         {product} {ergonomic}
     uint G1ConcRefinementThreads                  = 4                                         {product} {ergonomic}
   size_t G1HeapRegionSize                         = 2097152                                   {product} {ergonomic}
    uintx GCDrainStackTargetSize                   = 64                                        {product} {ergonomic}
   size_t InitialHeapSize                          = 266338304                                 {product} {ergonomic}
     bool ManagementServer                         = true                                      {product} {command line}
   size_t MarkStackSize                            = 4194304                                   {product} {ergonomic}
   size_t MaxHeapSize                              = 4238344192                                {product} {ergonomic}
   size_t MaxNewSize                               = 2541748224                                {product} {ergonomic}
   size_t MinHeapDeltaBytes                        = 2097152                                   {product} {ergonomic}
   size_t MinHeapSize                              = 8388608                                   {product} {ergonomic}
    uintx NonNMethodCodeHeapSize                   = 4096                                   {pd product} {ergonomic}
    uintx NonProfiledCodeHeapSize                  = 0                                      {pd product} {ergonomic}
     bool ProfileInterpreter                       = false                                  {pd product} {command line}
    uintx ProfiledCodeHeapSize                     = 0                                      {pd product} {ergonomic}
     bool ShowCodeDetailsInExceptionMessages       = true                                   {manageable} {command line}
   size_t SoftMaxHeapSize                          = 4238344192                             {manageable} {ergonomic}
     intx TieredStopAtLevel                        = 1                                         {product} {command line}
     bool UseCompressedOops                        = true                           {product lp64_product} {ergonomic}
     bool UseG1GC                                  = true                                      {product} {ergonomic}
     bool UseLargePagesIndividualAllocation        = false                                  {pd product} {ergonomic}

Logging:
Log output configuration:
 #0: stdout all=warning uptime,level,tags foldmultilines=false
 #1: stderr all=off uptime,level,tags foldmultilines=false

Environment Variables:
JAVA_HOME=C:\Program Files\Java\jdk-1.8
PATH=C:/Users/Tamilmani.R/.p2/pool/plugins/org.eclipse.justj.openjdk.hotspot.jre.full.win32.x86_64_21.0.7.v20250502-0916/jre/bin/server;C:/Users/Tamilmani.R/.p2/pool/plugins/org.eclipse.justj.openjdk.hotspot.jre.full.win32.x86_64_21.0.7.v20250502-0916/jre/bin;C:\Python313\Scripts\;C:\Python313\;C:\Program Files\Common Files\Oracle\Java\javapath;C:\Program Files (x86)\Common Files\Oracle\Java\java8path;C:\Program Files (x86)\Common Files\Oracle\Java\javapath;C:\Program Files\Microsoft MPI\Bin\;C:\Program Files (x86)\VMware\VMware Player\bin\;C:\WINDOWS\system32;C:\WINDOWS;C:\WINDOWS\System32\Wbem;C:\WINDOWS\System32\WindowsPowerShell\v1.0\;C:\WINDOWS\System32\OpenSSH\;C:\Program Files\Azure Data Studio\bin;C:\Program Files (x86)\Microsoft SQL Server\150\Tools\Binn\;C:\Program Files\Microsoft SQL Server\150\Tools\Binn\;C:\Program Files (x86)\Microsoft SQL Server\150\DTS\Binn\;C:\Program Files\Microsoft SQL Server\150\DTS\Binn\;C:\Program Files\Microsoft SQL Server\Client SDK\ODBC\170\Tools\Binn\;C:\apache-maven-3.9.6\bin;C:\apache-tomcat-11.0.0-M17\bin;C:\Program Files\Java\jdk-1.8\bin;C:\Program Files (x86)\Microsoft SQL Server\160\DTS\Binn\;C:\Program Files\Java\jdk-1.8\bin;C:\Program Files\nodejs;C:\ProgramData\chocolatey\bin;C:\Program Files\nodejs\;C:\Users\Tamilmani.R\AppData\Local\Microsoft\WindowsApps;C:\Users\Tamilmani.R\AppData\Local\Programs\Microsoft VS Code\bin;C:\Users\Tamilmani.R\AppData\Roaming\npm;C:\Users\Tamilmani.R\AppData\Local\Programs\Git\cmd;C:\Users\Tamilmani.R\Desktop;
USERNAME=Tamilmani.R
OS=Windows_NT
PROCESSOR_IDENTIFIER=Intel64 Family 6 Model 140 Stepping 2, GenuineIntel
TMP=C:\Users\TAMILM~1.R\AppData\Local\Temp
TEMP=C:\Users\TAMILM~1.R\AppData\Local\Temp




Periodic native trim disabled

---------------  S Y S T E M  ---------------

OS:
 Windows 11 , 64 bit Build 26100 (10.0.26100.5074)
OS uptime: 2 days 2:41 hours
Hyper-V role detected

CPU: total 4 (initial active 4) (2 cores per cpu, 2 threads per core) family 6 model 140 stepping 2 microcode 0x26, cx8, cmov, fxsr, ht, mmx, 3dnowpref, sse, sse2, sse3, ssse3, sse4.1, sse4.2, popcnt, lzcnt, tsc, tscinvbit, avx, avx2, aes, erms, clmul, bmi1, bmi2, adx, avx512f, avx512dq, avx512cd, avx512bw, avx512vl, sha, fma, vzeroupper, avx512_vpopcntdq, avx512_vpclmulqdq, avx512_vaes, avx512_vnni, clflush, clflushopt, clwb, avx512_vbmi2, avx512_vbmi, hv, rdtscp, rdpid, fsrm, gfni, avx512_bitalg, f16c, cet_ibt, cet_ss, avx512_ifma
Processor Information for processor 0
  Max Mhz: 2995, Current Mhz: 2995, Mhz Limit: 2995
Processor Information for processor 1
  Max Mhz: 2995, Current Mhz: 1198, Mhz Limit: 2995
Processor Information for processor 2
  Max Mhz: 2995, Current Mhz: 2995, Mhz Limit: 2995
Processor Information for processor 3
  Max Mhz: 2995, Current Mhz: 1198, Mhz Limit: 2995

Memory: 4k page, system-wide physical 16167M (2451M free)
TotalPageFile size 32334M (AvailPageFile size 7293M)
current process WorkingSet (physical memory assigned to process): 300M, peak: 314M
current process commit charge ("private bytes"): 344M, peak: 373M

vm_info: Java HotSpot(TM) 64-Bit Server VM (21.0.2+13-LTS-58) for windows-amd64 JRE (21.0.2+13-LTS-58), built on 2024-01-05T18:32:24Z by "mach5one" with MS VC++ 17.1 (VS2022)

END.
